Fc1ccc([C@]2(OCc3c2ccc(c3)C#N)CCCN(C)C)cc1 215_1
Fc1ccc([C@@]2(OCc3c2ccc(c3)C#N)CCCN(C)C)cc1 215_2